// Jest Snapshot v1, https://goo.gl/fbAQLP

exports[`basic snapshot 1`] = `
.c3 {
  margin-top: 0.5rem;
  margin-bottom: 0.5rem;
}

.c4 {
  display: -webkit-box;
  display: -webkit-flex;
  display: -ms-flexbox;
  display: flex;
  -webkit-align-items: center;
  -webkit-box-align: center;
  -ms-flex-align: center;
  align-items: center;
  padding-right: 4px;
}

.c5 {
  display: inline-block;
  max-width: 100%;
  overflow: hidden;
  text-overflow: ellipsis;
}

.c1 {
  padding: 10px;
}

.c2 {
  -webkit-flex-wrap: wrap-reverse !important;
  -ms-flex-wrap: wrap-reverse !important;
  flex-wrap: wrap-reverse !important;
  margin-bottom: 10px;
  border-bottom: 1px solid rgba(232,232,232,0.8);
  padding-top: 24px;
}

.c0 {
  text-align: left;
  width: 100%;
}

.c0 pre {
  margin: 0;
}

.c0 code {
  padding: 0.2em 0.4em;
  margin: 0;
  font-size: 85%;
  background-color: rgba(27,31,35,0.05);
  border-radius: 3px;
}

<div>
  <div
    class="c0"
    style="position: relative;"
  >
    <iframe
      style="background: transparent; height: 100%; left: 0px; position: absolute; top: 0px; width: 100%; z-index: -1;"
    />
    <div
      class="c1"
    >
      <div
        class="ant-row c2"
        type="flex"
      >
        <div
          class="ant-col ant-col-24"
        >
          <form
            class="ant-form ant-form-vertical "
          >
            <div
              class="ant-row ant-form-item"
            >
              <div
                class="ant-col ant-col-6 ant-form-item-label"
              >
                <label
                  class="ant-form-item-required"
                  title="名称"
                >
                  名称
                </label>
              </div>
              <div
                class="ant-col ant-col-18 ant-form-item-control"
              >
                <div
                  class="ant-form-item-control-input"
                >
                  <div
                    class="ant-form-item-control-input-content"
                  >
                    <mock-antd-input />
                  </div>
                </div>
              </div>
            </div>
            <div
              class="ant-row ant-form-item"
            >
              <div
                class="ant-col ant-col-6 ant-form-item-label"
              >
                <label
                  class=""
                  title="描述"
                >
                  描述
                </label>
              </div>
              <div
                class="ant-col ant-col-18 ant-form-item-control"
              >
                <div
                  class="ant-form-item-control-input"
                >
                  <div
                    class="ant-form-item-control-input-content"
                  >
                    <mock-antd-input-textarea
                      autosize="[object Object]"
                    />
                  </div>
                </div>
              </div>
            </div>
          </form>
        </div>
        <div
          class="ant-col ant-col-24"
          style="text-align: center; margin-bottom: 10px;"
        >
          <div>
            <div
              style="cursor: pointer; display: inline-block; position: relative;"
            >
              <input
                accept="image/*"
                style="display: none;"
                type="file"
              />
              <span
                class="ant-avatar ant-avatar-circle ant-avatar-image ant-avatar-icon"
                style="width: 64px; height: 64px; line-height: 64px; font-size: 25.6px; cursor: inherit; user-select: none;"
              >
                <img
                  src="undefined"
                />
              </span>
            </div>
          </div>
        </div>
      </div>
      <div
        _childrenel="[object Object]"
        _el="[object Object]"
        _name="BaseAttr"
        class="ant-col ant-col-24"
      >
        <div
          class="ant-row c3 tag-row"
        >
          <div
            class="ant-col ant-col-6"
          >
            <div
              class="c4"
            >
              <pre
                class="c5"
              >
                人物卡信息
              </pre>
               
            </div>
          </div>
          <div
            class="ant-col ant-col-18"
          >
            <mock-antd-input-textarea
              autosize="true"
              placeholder="人物卡信息"
            />
          </div>
        </div>
      </div>
    </div>
  </div>
</div>
`;
