// Jest Snapshot v1, https://goo.gl/fbAQLP

exports[`Tag: Col sm="8" in 600 => 8 1`] = `
<DocumentFragment>
  <div
    class="sc-pNWdM eAMRol"
    style="position: relative;"
  >
    <iframe
      style="background: transparent; height: 100%; left: 0px; position: absolute; top: 0px; width: 100%; z-index: -1;"
    />
    <div
      class="sc-jSFjdj cdvkCS"
    />
  </div>
</DocumentFragment>
`;

exports[`Tag: Col sm="8" in 600 => 8 2`] = `
<DocumentFragment>
  <div
    class="sc-pNWdM eAMRol"
    style="position: relative;"
  >
    <iframe
      style="background: transparent; height: 100%; left: 0px; position: absolute; top: 0px; width: 100%; z-index: -1;"
    />
    <div
      class="sc-jSFjdj cdvkCS"
    >
      Test Content
    </div>
  </div>
</DocumentFragment>
`;
